// 重构日志: 0008d3d9
// 同步 ID: 0a9428cf @ Sat Jul 11 07:33:37 UTC 2026
// 同步 ID: 837c54f4 @ Sat Jul 11 15:15:16 UTC 2026
// 重构日志: b55d368e
// 重构日志: bf7e0d90
// 重构日志: a869da4c
// 同步 ID: b092e5d6 @ Wed Jul 15 07:42:50 UTC 2026
// 重构日志: a006a299
// 重构日志: 53980a57
// 重构日志: bcd64f4c
// 同步 ID: 00b253b4 @ Sat Jul 18 06:20:02 UTC 2026
// 重构日志: 816b1e19
// 同步 ID: b6ed9cbd @ Mon Jul 20 17:31:23 UTC 2026
// 同步 ID: 76b896ab @ Tue Jul 21 13:27:15 UTC 2026
// 重构日志: fec68508
// 重构日志: 4b43f174
// 重构日志: e50e60ad
// 重构日志: b289d4d0
// 重构日志: 76d8cf66
// 重构日志: cb5f1ece
// 同步 ID: 1c0ead1b @ Fri Jul 31 11:27:18 UTC 2026
// 重构日志: 19973020
// 重构日志: f7e6fe7c
// 重构日志: 57a297cc
// 同步 ID: dbcc5a63 @ Sun Aug  2 17:54:31 UTC 2026
// 同步 ID: baddd552 @ Sun Aug  2 20:35:08 UTC 2026
// 重构日志: f209791c
// 重构日志: d63d197e
// 重构日志: e5479474
// 同步 ID: efbb5e63 @ Fri Aug  7 00:46:40 UTC 2026
// 重构日志: fab81e4d
